WWWWWWWWWWWWWWWWWWWWWWWWWWWWWWWW
W                              W
W                              W
W                              W
W                              W
W                              W
W          WWWWWWWWWWWWW       W
W                a             W
W          WWWWWWWWWWWWW       W
W                              W
W     A                        W
W       WWWWWWWWWWWWW          W
W             a                W
W       WWWWWWWWWWWWW          W
W                              W
W                              W
W           W W                W
W           W W                W
W           W W                W
W           W W                W
W           W W                W
W           W W                W
W           WaW                W
W           W W                W
W           W W                W
W           W W                W
W           W W                W
W           W W                W
W           W W                W
W                              W
W                              W
WWWWWWWWWWWWWWWWWWWWWWWWWWWWWWWW