WWWWWWWWWWWWWWWWWWWWWWWWWWWWWWWW
W                              W
W                              W
W                              W
W                              W
W                              W
W          WWWWWWWWWW          W
W               a              W
W          WWWWWWWWWW          W
W                              W
W     A                        W
W             WWWWWWWWWW       W
W                 a            W
W             WWWWWWWWWW       W
W                              W
W                              W
W                              W
W           W  W               W
W           W  W               W
W           W  W               W
W           W  W               W
W           W  W               W
W           W aW               W
W           W  W               W
W           W  W               W
W           W  W               W
W           W  W               W
W                              W
W                              W
W                              W
W                              W
WWWWWWWWWWWWWWWWWWWWWWWWWWWWWWWW