WWWWWWWWWWWWWWWWWWWWWWWWWWWWWWWW
W                              W
W                              W
W                              W
W                              W
W                              W
W          WWWWWWWWWWW         W
W               a              W
W          WWWWWWWWWWW         W
W                              W
W     A                        W
W            WWWWWWWWWWW       W
W                 a            W
W            WWWWWWWWWWW       W
W                              W
W                              W
W                              W
W           W W                W
W           W W                W
W           W W                W
W           W W                W
W           W W                W
W           WaW                W
W           W W                W
W           W W                W
W           W W                W
W           W W                W
W           W W                W
W                              W
W                              W
W                              W
WWWWWWWWWWWWWWWWWWWWWWWWWWWWWWWW