WWWWWWWWWWWWWWWWWWWWWWWWWWWWWWWW
W                              W
W                              W
W                              W
W                              W
W                              W
W            WWWWW             W
W              a               W
W            WWWWW             W
W                              W
W     A                        W
W               WWWWW          W
W                 a            W
W               WWWWW          W
W                              W
W                              W
W                              W
W                              W
W                              W
W                              W
W                              W
W           W  W               W
W           W  W               W
W           W aW               W
W           W  W               W
W           W  W               W
W                              W
W                              W
W                              W
W                              W
W                              W
WWWWWWWWWWWWWWWWWWWWWWWWWWWWWWWW