WWWWWWWWWWWWWWWWWWWWWWWWWWWWWWWWWWWWWWWWWWWWWWWWWWWWWWWWWWWWWWWWWWWWWWWWWW
WWWWWWWWWWWWWWWWWWWWWWWWWWWWWWWWWWWWWWWWWWWWWWWWWWWWWWWWWWWWWWWWWWWWWWWWWW
WWWWWWWWWWWWWWWWWWWWWWW      WWWWWWWWWWWWWWWWWWWWWWWW      WWW  a  WWWWWWW
WWWWWWWWWWWWWWWWWWWWWWW      WWWWWWWWWWWWWWWWWWWWWWWW      WWW     WWWWWWW
WWWWWWWWWWWWWWWWWWWWWWW      WWWWWWWWWWWWWWWWWWWWWWWW      WWW     WWWWWWW
WWWW     WWWWWWWWWWWWWW      WWWWW  g  WWWWWWWWWWWWWW      WWW     WWWWWWW
WWWW     WWWWWWWWWWWWWW      WWWWW     WWWWWWWWWWWWWW      WWW     WWWWWWW
WWWW     WWWWWWWWWWWWWW      WWWWW     WWWWWWWWWWWWWW      WWW     WWWWWWW
WWWW     WWWWW    WWWWW      WWWWW     WWWWW    WWWWW      WWW     WWWWWWW
WWWW     WWWWW    WWWW       WWWWW     WWWWW    WWWW       WWW     WWWWWWW
W                                                                  WWWWWWW
W                                                                  WWWWWWW
WA                                                                 WWWWWWW
W                                                                  WWWWWWW
W                                                                  WWWWWWW
WWW   m  WWWW     WWWWWWWWWWWWWWW      WWWW     WWWWWWWWWWWW       WWWWWWW
WWW      WWWW     WWWWWWWWWWWWWWW      WWWW     WWWWWWWWWWWW       WWWWWWW
WWWWWWWWWWWWW     WWWWWWWWWWWWWWWWWWWWWWWWW     WWWWWWWWWWWW       WWWWWWW
WWWWWWWWWWWWW     WWWWWWWWWWWWWWWWWWWWWWWWW     WWWWWWWWWWWW       WWWWWWW
WWWWWWWWWWWWW     WWWWWWWWWWWWWWWWWWWWWWWWW     WWWWWWWWWWWWWWWWWWWWWWWWWW
WWWWWWWWWWWWW     WWWWWWWWWWWWWWWWWWWWWWWWW     WWWWWWWWWWWWWWWWWWWWWWWWWW
WWWWWWWWWWWWW     WWWWWWWWWWWWWWWWWWWWWWWWW     WWWWWWWWWWWWWWWWWWWWWWWWWW
WWWWWWWWWWWWW     WWWWWWWWWWWWWWWWWWWWWWWWW     WWWWWWWWWWWWWWWWWWWWWWWWWW
WWWWWWWWWWWWWWWWWWWWWWWWWWWWWWWWWWWWWWWWWWWWWWWWWWWWWWWWWWWWWWWWWWWWWWWWWW
WWWWWWWWWWWWWWWWWWWWWWWWWWWWWWWWWWWWWWWWWWWWWWWWWWWWWWWWWWWWWWWWWWWWWWWWWW
WWWWWWWWWWWWWWWWWWWWWWWWWWWWWWWWWWWWWWWWWWWWWWWWWWWWWWWWWWWWWWWWWWWWWWWWWW
