WWWWWWWWWWWWWWWWWWWWWWWWWWWWWWWWWWWWWWWWWWW
W                                         W
W         WWWWWWWWWW                      W
W         W    a   W                      W
W         W        W           A          W
W         WWWWW    W                      W
W                  W                      W
W           WWWWWWWW                      W
W                                         W
W                  WWWWWWWWWWWWW          W
W                  W           W          W
W                  W    W  a   W          W
W                       W      W          W
W                       W      W          W
W                       WWWWWWWW          W
W    WWWWWWW                              W
W    W    aW                              W
W    W     W                              W
W    W     W                              W
W    W  WWWW                              W
W    W                                    W
W    WWWWW                                W
W                                         W
W                                         W
WWWWWWWWWWWWWWWWWWWWWWWWWWWWWWWWWWWWWWWWWWW