WWWWWWWWWWWWWWWWWWWWWWWWWWWWWWWW
W                              W
W                              W
W                              W
W                              W
W     A                        W
W     WWWWWWWWWWWWWWWWWWWW     W
W              m               W
W     WWWWWWWWWWWWWWWWWWWW     W
W                              W
W                              W
W               WWWWWWW        W
W                  n           W
W               WWWWWWW        W
W                              W
W                              W
W                              W
W                              W
W           W  W               W
W           W  W               W
W           W  W               W
W           W  W               W
W           W  W               W
W           W aW               W
W           W  W               W
W           W  W               W
W           W  W               W
W           W  W               W
W           W  W               W
W                              W
W                              W
W                              W
W                              W
W                              W
W                              W
WWWWWWWWWWWWWWWWWWWWWWWWWWWWWWWW
