########################################################################
#......................................................................#
#......................................................................#
#..................................#...................................#
#..................................#...................................#
#..................................#...................................#
#................................m.n@..................................#
#.............................####_#####...............................#
#.................................g#m..................................#
#..................................#...................................#
#..................................#...................................#
#..................................#...................................#
#......................................................................#
########################################################################