########################################################################
#......................................................................#
#......................................................................#
#..................................#...................................#
#..................................#...................................#
#..................................#...................................#
#................................m.n@..................................#
#.............................####a#####...............................#
#.................................g#m..................................#
#..................................#...................................#
#..................................#...................................#
#..................................#...................................#
#......................................................................#
########################################################################