##################################
#...........#....................#
#...#...#...#....................#
#...#...#...#....................#
#...#...#...#....................#
#...#...#...#....................#
#####...#...#....................#
#...#...#...#....................#
#...#...#...#....................#
#...#...#...#....................#
#.n.#...#.n.#....................#
#####...##########################
#................................#
#......................@.........#
#................................#
#................................#
#####...##############...#########
#.a.#...#.a.#.....#.m.#...#.m.#..#
#...#...#...#.....#...#...#...#..#
#...#...#...#.....#...#...#...#..#
#...#...#...#.....#...#...#...#..#
#####...#...#.....#####...#...#..#
#...#...#...#.....#...#...#...#..#
#...#...#...#.....#...#...#...#..#
#...#...#...#.....#...#...#..##..#
#...#...#...#.....#...#...#...#..#
#...#...#...#.....#...#...#...#..#
#...#...#...#.....#...#...#...#..#
#...........#.....#...........#..#
##################################