WWWWWWWWWWWWWWWWWWWWWWWWWWWWWWWWWWWWWWWWWWWWWWWWWWWWWWWWWWWWWWWWWWWWWWWW
W                                                                    A W
W                                                                      W
W     WWWWWWWWWWWWWWWWWWWWWWWWWWWWWWWWWWWWWWWWWWWWWWWWWWWWWWWWWWWWWWWWWW
W     W                                                                W
W     W                                                                W
W     W                                                                W
W     W                                                                W
W     W                                                                W
W     W                                                                W
W     W                                                                W
W     W                                                                W
W     W                                                                W
W     W                                                                W
W     W                                                                W
W     W                                                                W
W     W                                                                W
W     W                                                                W
W     W                                                                W
W     W                                                                W
W     W                                                                W
W     W                                                                W
W     W                                                                W
W     W                                                                W
W     W                                                                W
W     W                                                                W
W     W                                                                W
W     W m                                                              W
W     W                                                                W
W     W                                                                W
W     W                                                                W
W     W                                                                W
W     W                                                                W
W     W                                                                W
W     W                                                                W
W     W                                                                W
W     W                                                                W
W     W                                                                W
W     W                                                                W
W     WWWWWWWWWWWWWWWWWWWWWWWWWWWWWWWWWWWWWWWWWWWWWWWWWWWWWWWWWW     a W
W                                                                      W
W                                                                      W
W                                        n                             W
WWWWWWWWWWWWWWWWWWWWWWWWWWWWWWWWWWWWWWWWWWWWWWWWWWWWWWWWWWWWWWWWWWWWWWWW