WWWWWWWWWWWWWWWWWWWWWWWWWWWWWWWWWWWWWWWWWWWWWWWWWWWWWWWWWWWWWWWWWWWWWWWW
W                                                                    A W
W                                                                      W
W     WWWWWWWWWWWWWWWWWWWWWWWWWWWWWWWWWWWWWWWWWWWWWWWWWWWWWWWWWWWWWWWWWW
W     Wm                                                               W
W     W                                                                W
W     W                                                                W
W     W                                                                W
W     W                                                                W
W     W                                                                W
W     W                                                                W
W     W                                                                W
W     WWWWWWWWWWWWWWWWWWWWWWWWWWWWWWWWWWWWWWWWWWWWWWWWWWWWWWWWWW     a W
W                                                                      W
W                                                                      W
W                                                n                     W
WWWWWWWWWWWWWWWWWWWWWWWWWWWWWWWWWWWWWWWWWWWWWWWWWWWWWWWWWWWWWWWWWWWWWWWW