WWWWWWWWWWWWWWWWWWWWWWWWWWWWWWWWWWWWWWWWWWWWWWWWWW
W                                                W
W            W           W          W            W
W    W        m              m           m       W
W                                             W  W
W     W                   W           W          W
W            W      W                       g    W
W      g          g             W                W
W                                      g         W
W        g                                       W
W                         g                      W
W         W                              W       W
W                                                W
W                                                W
W                                                W
W     W                                     W    W
W                                                W
W                                                W
W                                                W
W                                                W
W     W                                     W    W
W                                                W
W                                                W
W                                                W
W                                                W
W                                                W
W                       a                        W
W                       A                        W
W                    a    a                      W
W                                                W
W                                                W
W                                                W
W                                                W
W                                                W
W                                                W
W      W                                     W   W
W                                                W
W                                                W
W                                                W
W                                                W
W      W                                     W   W
W                                                W
W                                                W
W                                                W
W                                                W
W                                                W
W            W           W          W            W
W    W        g              g           g       W
W                                             W  W
W     W                   W           W          W
W            W      W                       m    W
W      g          m             W                W
W                                      m         W
W        m                                       W
W                         m                      W
W                                                W
WWWWWWWWWWWWWWWWWWWWWWWWWWWWWWWWWWWWWWWWWWWWWWWWWW