WWWWWWWWWWWWWWWWWWWWWWWWWWWWWWWW
W                              W
W                              W
W                              W
W                              W
W                              W
W     WWWWWWWWWWWWWWWWWWWW     W
W              a               W
W     WWWWWWWWWWWWWWWWWWWW     W
W                              W
W                              W
W               WWWWWWW        W
W                 a            W
W               WWWWWWW        W
W                              W
W                              W
W                              W
W                              W
W           W  W               W
W           W  W               W
W           W  W               W
W           W  W               W
W           W  W               W
W           W  W               W
W           W  W               W
W           W  W               W
W           W  W               W
W  A        W  W               W
W           W aW               W
W           W  W               W
W           W  W               W
W           W  W               W
W           W  W               W
W           W  W               W
W           W  W               W
W           W  W               W
W           W  W               W
W           W  W               W
W           W  W               W
W                              W
W                              W
WWWWWWWWWWWWWWWWWWWWWWWWWWWWWWWW