WWWWWWWWWWWWWWWWWWWWWWWWWWWWWWWW
W                              W
W                              W
W                              W
W                              W
W                              W
W     WWWWWWWWWWWWWWWWWWWW     W
W              g               W
W     WWWWWWWWWWWWWWWWWWWW     W
W                              W
W     A                        W
W               WWWWWWW        W
W                 m            W
W               WWWWWWW        W
W                              W
W                              W
W                              W
W                              W
W           W  W               W
W           W  W               W
W           W  W               W
W           W  W               W
W           W  W               W
W           W aW               W
W           W  W               W
W           W  W               W
W           W  W               W
W           W  W               W
W           W  W               W
W                              W
W                              W
W                              W
W                              W
W                              W
W                              W
WWWWWWWWWWWWWWWWWWWWWWWWWWWWWWWW