WWWWWWWWWWWWWWWWWWWWWWWWWWWWWWWWWWWWWWWWWWWWWWWWWW
W     g   g   g   g   g   g    g    g    g    g  W
W      A           A           A        A        W
Wc                                              cW
Wc                                              cW
Wc           A           A          A           cW
Wc                                              cW
Wc     A           A           A         A      cW
Wc                                              cW
Wc                                              cW
W            A           A          A            W
W                                                W
W  c                                           g W
W  c                                           g W
W  c                                           g W
W  c                                           g W
W  c                    aaa                    g W
W  c                                           g W
W  c                                           g W
W  c                                           g W
W                                                W
W                                                W
W      A           A           A         A       W
W                                                W
W                                                W
W            A           A           A           W
W c                                            c W
W c    A           A           A          A    c W
W c                                            c W
W c                                            c W
W c          A           A          A          c W
W c                                            c W
W c                                            c W
W     g   g   g   g   g   g    g    g    g    g  W
W                                                W
WWWWWWWWWWWWWWWWWWWWWWWWWWWWWWWWWWWWWWWWWWWWWWWWWW