WWWWWWWWWWWWWWWWWWWWWWWWWWWWWWWWWWWWWWWWWWWWW
W   c    g    c    g     c    g    c    g   W
W  g      A     A     A     A     A     A   W
W         g       g       g        g        W
W  g                                        W
W          A    A    A    A    A            W
W                                           W
W  c         c                 c            W
W                                           W
W                                           W
W  g                  W                     W
W                   a W a                   W
W                  WWWWWWW                  W
W  g                a W a                   W
W                     W                     W
W                                           W
W  c                                        W
W  c                                        W
W  c                                        W
W        A   A    A    A    A      A        W
W  c                                    c   W
W          A     A     A     A     A        W
W  g     g    g    g      g     g    g    g W
W                    a                      W
WWWWWWWWWWWWWWWWWWWWWWWWWWWWWWWWWWWWWWWWWWWWW