LLLLLLLWWWWWWWWWWWWWWWWWWWWWWWWWWWWWWWWWWWWWWWWWWWWWWWWWWWWWWWWWWWWWWWW LLLLLLLWWWWWWWWWWWWWWWWWWWWWWWWWWWWWWWWWWWWWWWWWWWWWWWWWWWWWWWWWWWWW
L A    W    m W m    W m g aW    m W      W      W g    W      W            W    m W m    W m g aW    m W      W      W g    W      W      W
L      W      W      W      W      W      W      W      W   a  W   m        W      W      W      W      W      W      W      W   a  W   m  W
L      W      W      W      W      W      W  m   W      W      W            W      W      W      W      W      W  m   W      W      W      W
L      W      W    g W      W      W      W      W      W      W   g        W      W    g W      W      W      W      W      W      W   g  W
L m    W g  a W a    W      Wg   a W      W      W      W      W            W g  a W a    W      Wg   a W      W      W      W      W      W
WWWWWWWWWWWWWWWWWWWWWWWWWWWWWWWWWWWW      WWWWWWWWWWWWWWWWWWWWWWWWWWWWW LWWWWWWWWWWWWWWWWWWWWWWWWWWWWWWWWWWWW      WWWWWWWWWWWWWWWWWWWWWWWWW
W      W      W      W      W      W     mW      W m    W      W            W      W      W      W      W      W     mW      W m    W      W
W      W      W      W    a W      W      W      W      W    g W            W      W      W      W      W      W    a W      W      W      W
Wg     W  m   W      W      W      W      W  a   W      W      W    a       W  m   W      W      W      W      W  a   W      W      W    a W
W      W      W      W      W      W      W      W      W      W            W      W      W      W      W      W                           W
W  m a W      W  g   W      W  m   W g    W      W      W      W       m a  W      W  g   W      W  m   W g    W      W      W      W      W
WWWWWWWWWWWWWWWWWWWWWWWWWWWWWWWWWWWWWWWWWWWWWWWWWWWWWWWWWWWWWWWWWWWWWWWWWWW WWWWWWWWWWWWWWWWWWWWWWWWWWWWWWWWWWWWWWWWWWWWWWWWWWWWWWWWWWWWWWWW
WWWWWWWWWWWWWWWWWWWWWWWWWWWWWWWWWWWWWWWWWWWWWWWWWWWWWWWWWWWWWWWWWWWWWWWWWWW WWWWWWWWWWWWWWWWWWWWWWWWWWWWWWWWWWWWWWWWWWWWWWWWWWWWWWWWWWWWWWWW
LLLLLLLWWWWWWWWWWWWWWWWWWWWWWWWWWWWWWWWWWWWWWWWWWWWWWWWWWWWWWWWWWWWWWLLLLLL WWWWWWWWWWWWWWWWWWWWWWWWWWWWWWWWWWWWWWWWWWWWWWWWWWWWWWWWWWWWWWWW
L A    W    m W m    W m g aW    m W      W      W g    W      W            W    m W m    W m g aW    m W      W      W g    W      W      W
L      W      W      W      W      W      W      W      W   a  W   m        W      W      W      W      W      W      W      W   a  W   m  W
L      W      W      W      W      W      W  m   W      W      W            W      W      W      W      W      W  m   W      W      W      W
L      W      W    g W      W      W      W      W      W      W   g        W      W    g W      W      W      W      W      W      W   g  W
Lm     W g  a W a    W      Wg   a W      W      W      W      W              W g  a W a    W      Wg   a W      W      W      W      W    W
WWWWWWWWWWWWWWWWWWWWWWWWWWWWWWWWWWWW      WWWWWWWWWWWWWWWWWWWWWWWWWWWWW    WWWWWWWWWWWWWWWWWWWWWWWWWWWWWWWW      WWWWWWWWWWWWWWWWWWWWWWWWWWW
W      W      W      W      W      W     mW      W m    W      W      W W      W      W      W      W      W      W     mW      W m    W   W
W      W      W      W    a W      W      W      W      W    g W      W W      W      W      W      W      W      W    a W      W      W   W
Wg     W  m   W      W      W      W      W  a   W      W      W    a W Wg     W  m   W      W      W      W      W  a   W      W      W   W
W      W      W      W      W      W      W      W      W      W      W W      W      W      W      W      W      W      W                 W
W  m a W      W  g   W      W  m   W g    W      W      W      W      W W  m a W      W  g   W      W  m   W g    W      W      W      W   W
WWWWWWWWWWWWWWWWWWWWWWWWWWWWWWWWWWWWWWWWWWWWWWWWWWWWWWWWWWWWWWWWWWWWWWW WWWWWWWWWWWWWWWWWWWWWWWWWWWWWWWWWWWWWWWWWWWWWWWWWWWWWWWWWWWWWWWWWWWW
WWWWWWWWWWWWWWWWWWWWWWWWWWWWWWWWWWWWWWWWWWWWWWWWWWWWWWWWWWWWWWWWWWWWWWWWWWW WWWWWWWWWWWWWWWWWWWWWWWWWWWWWWWWWWWWWWWWWWWWWWWWWWWWWWWWWWWWWWWW
WWWWWWWWWWWWWWWWWWWWWWWWWWWWWWWWWWWWWWWWWWWWWWWWWWWWWWWWWWWWWWWWWWWWWWWWWWW WWWWWWWWWWWWWWWWWWWWWWWWWWWWWWWWWWWWWWWWWWWWWWWWWWWWWWWWWWWWWWWW
LLLLLLLWWWWWWWWWWWWWWWWWWWWWWWWWWWWWWWWWWWWWWWWWWWWWWWWWWWWWWWWWWWWWWWW LLLLLLLWWWWWWWWWWWWWWWWWWWWWWWWWWWWWWWWWWWWWWWWWWWWWWWWWWWWWWWWWWWWW
L A    W    m W m    W m g aW    m W      W      W g    W      W            W    m W m    W m g aW    m W      W      W g    W      W      W
L      W      W      W      W      W      W      W      W   a  W   m        W      W      W      W      W      W      W      W   a  W   m  W
L      W      W      W      W      W      W  m   W      W      W            W      W      W      W      W      W  m   W      W      W      W
L      W      W    g W      W      W      W      W      W      W   g        W      W    g W      W      W      W      W      W      W   g  W
Lm     W g  a W a    W      Wg   a W      W      W      W      W            W g  a W a    W      Wg   a W      W      W      W      W      W
WWWWWWWWWWWWWWWWWWWWWWWWWWWWWWWWWWWW      WWWWWWWWWWWWWWWWWWWWWWWWWWWWW LWWWWWWWWWWWWWWWWWWWWWWWWWWWWWWWWWWWW      WWWWWWWWWWWWWWWWWWWWWWWWW
W      W      W      W      W      W     mW      W m    W      W            W      W      W      W      W      W     mW      W m    W      W
W      W      W      W    a W      W      W      W      W    g W            W      W      W      W      W      W    a W      W      W      W
Wg     W  m   W      W      W      W      W  a   W      W      W    a       W  m   W      W      W      W      W  a   W      W      W    a W
W      W      W      W      W      W      W      W      W      W            W      W      W      W      W      W                           W
W  m a W      W  g   W      W  m   W g    W      W      W      W       m a  W      W  g   W      W  m   W g    W      W      W      W      W
WWWWWWWWWWWWWWWWWWWWWWWWWWWWWWWWWWWWWWWWWWWWWWWWWWWWWWWWWWWWWWWWWWWWWWWWWWW WWWWWWWWWWWWWWWWWWWWWWWWWWWWWWWWWWWWWWWWWWWWWWWWWWWWWWWWWWWWWWWW
WWWWWWWWWWWWWWWWWWWWWWWWWWWWWWWWWWWWWWWWWWWWWWWWWWWWWWWWWWWWWWWWWWWWWWWWWWW WWWWWWWWWWWWWWWWWWWWWWWWWWWWWWWWWWWWWWWWWWWWWWWWWWWWWWWWWWWWWWWW
WWWWWWWWWWWWWWWWWWWWWWWWWWWWWWWWWWWWWWWWWWWWWWWWWWWWWWWWWWWWWWWWWWWWWWWWWWW WWWWWWWWWWWWWWWWWWWWWWWWWWWWWWWWWWWWWWWWWWWWWWWWWWWWWWWWWWWWWWWW
LLLLLLLWWWWWWWWWWWWWWWWWWWWWWWWWWWWWWWWWWWWWWWWWWWWWWWWWWWWWWWWWWWWWWLLLLLL WWWWWWWWWWWWWWWWWWWWWWWWWWWWWWWWWWWWWWWWWWWWWWWWWWWWWWWWWWWWWWWW
L A    W    m W m    W m g aW    m W      W      W g    W      W            W    m W m    W m g aW    m W      W      W g    W      W      W
L      W      W      W      W      W      W      W      W   a  W   m        W      W      W      W      W      W      W      W   a  W   m  W
L      W      W      W      W      W      W  m   W      W      W            W      W      W      W      W      W  m   W      W      W      W
L      W      W    g W      W      W      W      W      W      W   g        W      W    g W      W      W      W      W      W      W   g  W
Lm     W g  a W a    W      Wg   a W      W      W      W      W              W g  a W a    W      Wg   a W      W      W      W      W    W
WWWWWWWWWWWWWWWWWWWWWWWWWWWWWWWWWWWW      WWWWWWWWWWWWWWWWWWWWWWWWWWWWW    WWWWWWWWWWWWWWWWWWWWWWWWWWWWWWWW      WWWWWWWWWWWWWWWWWWWWWWWWWWW
W      W      W      W      W      W     mW      W m    W      W      W W      W      W      W      W      W      W     mW      W m    W   W
W      W      W      W    a W      W      W      W      W    g W      W W      W      W      W      W      W      W    a W      W      W   W
Wg     W  m   W      W      W      W      W  a   W      W      W    a W Wg     W  m   W      W      W      W      W  a   W      W      W   W
W      W      W      W      W      W      W      W      W      W      W W      W      W      W      W      W      W      W                 W
W  m a W      W  g   W      W  m   W g    W      W      W      W      W W  m a W      W  g   W      W  m   W g    W      W      W      W   W
WWWWWWWWWWWWWWWWWWWWWWWWWWWWWWWWWWWWWWWWWWWWWWWWWWWWWWWWWWWWWWWWWWWWWWW WWWWWWWWWWWWWWWWWWWWWWWWWWWWWWWWWWWWWWWWWWWWWWWWWWWWWWWWWWWWWWWWWWWW