WWWWWWWWWWWWWWWWWWWWWWWWWWWWWWWWWWWWWWWWWWWWWWWWWWWWWWWWWWWWWWWWWWWWWWW
L A   LW      W      W      W      W      W      W      W      W      W
W      W      W      W      W      W      W      W      W      W   a  W
W      W  m   W  m   W  m   W  m   W  m   W  m   W  m   W  m   W      W
WL     W      W      W      W      W      W      W      W      W   g  W
W      W      W      W      W      W      W      W      W      W      W
WWWWWWWWWWWWWWWWWWWWWWWWWWWWWWWWWWWWWWWWWWWWWWWWWWWWWWWWWWWWWWWWWWWWWWW
W      W      W      W      W      W      W      W      W      W      W
W      W      W      W      W      W      W      W      W      W      W
W  m   W  m   W  m   W  m   W  m   W  m   W  m   W  m   W  m   W  m   W
W      W      W      W      W      W      W      W      W      W      W
W      W      W      W      W      W      W      W      W      W      W
WWWWWWWWWWWWWWWWWWWWWWWWWWWWWWWWWWWWWWWWWWWWWWWWWWWWWWWWWWWWWWWWWWWWWWW
W      W      W      W      W      W      W      W     m     m      m W
W      W      W      W      W      W      W      W                    W
W  m   W  m   W  m   W  m   W  m   W  m   W  m   W    m          m    W
W      W      W      W      W      W      W      W    m     m     m   W
W      W      W      W      W      W      W      W                    W
WWWWWWWWWWWWWWWWWWWWWWWWWWWWWWWWWWWWWWWWWWWWWWWWWW    m     m    g    W
W      W      W      W      W      W      W      W                    W
W      W      W      W      W      W      W      W    m    m      a   W
W      W  m   W  m   W  m   W  m   W  m   W  g   W            m     m W
W      W      W      W      W      W      W      W    m               W
W      W      W      W      W      W      W      W        g        a  W
WWWWWWWWWWWWWWWWWWWWWWWWWWWWWWWWWWWWWWWWWWWWWWWWWWWWWWWWWWWWWWWWWWWWWWW
WWWWWWWWWWWWWWWWWWWWWWWWWWWWWWWWWWWWWWWWWWWWWWWWWWWWWWWWWWWWWWWWWWWWWWW
WWWWWWWWWWWWWWWWWWWWWWWWWWWWWWWWWWWWWWWWWWWWWWWWWWWWWWWWWWWWWWWWWWWWWWW
WWWWWWWWWWWWWWWWWWWWWWWWWWWWWWWWWWWWWWWWWWWWWWWWWWWWWWWWWWWWWWWWWWWWWWW
WWWWWWWWWWWWWWWWWWWWWWWWWWWWWWWWWWWWWWWWWWWWWWWWWWWWWWWWWWWWWWWWWWWWWWW
L A           W      W      W      W      W      W      W      W      W
L        L    W      W      W      W      W      W      W     W   a   W
W             W  m   W  m   W  m   W  m   W  m   W  m   W  m   W      W
W L           W      W      W      W      W      W      W      W   g  W
W             W      W      W      W      W      W      W      W      W
WWWWWWWWWWWWWWWWWWWWWWWWWWWWWWWWWWWWWWWWWWWWWWWWWWWWWWWWWWWWWWWWWWWWWWW
W      W      W      W      W      W      W      W      W      W      W
W      W      W      W      W      W      W      W      W      W      W
W  m   W  m   W  m   W  m   W  m   W  m   W  m   W  m   W  m   W  m   W
W      W      W      W      W      W      W      W      W      W      W
W      W      W      W      W      W      W      W      W      W      W
WWWWWWWWWWWWWWWWWWWWWWWWWWWWWWWWWWWWWWWWWWWWWWWWWWWWWWWWWWWWWWWWWWWWWWW
W      W      W      W      W      W      W      W     m     m      m W
W      W      W      W      W      W      W      W                    W
W  m   W  m   W  m   W  m   W  m   W  m   W  m   W    m     a    m    W
W      W      W      W      W      W      W      W    m     m     m   W
W      W      W      W      W      W      W      W                    W
WWWWWWWWWWWWWWWWWWWWWWWWWWWWWWWWWWWWWWWWWWWWWWWWWW    m     m    m    W
W      W      W      W      W      W      W      W              a     W
W      W      W      W      W      W      W      W    m    m          W
W      W  m   W  m   W  m   W  m   W  m   W      W            m     m W
W      W      W      W      W      W      W      W    m               W
W      W      W      W      W      W      W      W        g        a  W
WWWWWWWWWWWWWWWWWWWWWWWWWWWWWWWWWWWWWWWWWWWWWWWWWWWWWWWWWWWWWWWWWWWWWWW