WWWWWWWWWWWWWWWWWWWWWWWWWWWWWWWWWWWWWWWW
W                                      W
W                                      W
W              bbbbb          bbbbb      W
W            bbgbbb          bbmbbb      W
W              bbbbb          bbbbb      W
W              bbbbb          bbbbb      W
W                      bbmbb           W
W                      bbbbb           W
W                 bbabb                W
W                 bbabb                W
W                                 bbgbbW
W                                 bbgbbW
W                                 bbgbbW
W         A               bbbbb        W
W                         bbmbb        W
W                         bbbbb        W
W         bbabb                        W
W         bbabb                        W
W                       bbgbb          W
W                       bbgbb          W
W                       bbgbb          W
W              b                       W
W             bmb                      W
W              b                       W
W                   bbbbb              W
W                   bbgbb              W
W                   bbbbb         bbbbbW
W                                 bbabbW
W                                 bbabbW
W                                      W
W             bbbbb                    W
W             bbbbb                    W
W             bbabb                    W
W             bbbbb                    W
W                                      W
W                                      W
W                                      W
W                                      W
WWWWWWWWWWWWWWWWWWWWWWWWWWWWWWWWWWWWWWWW