WWWWWWWWWWWWWWWWWWWWWWWWWWWWWWWWWWWWWWWWWWWWWWWWWWWW
W      A        A         A         A         A    W
W                                                  W
W                                                  W
W                                                  W
W         WWWWWWWWWW                               W
W         W  g g g W                               W
W         W        W                               W
W                                                  W
W                                                  W
W                                WWWWWWWWWW        W
W                                W  c c c W        W
W                                W        W        W
W         WWWWWWWWWWWWW                            W
W         W  a  a  a  W                            W
W         W           W                            W
W                                                  W
W                                                  W
W                                                  W
W                                                  W
WWWWWWWWWWWWWWWWWWWWWWWWWWWWWWWWWWWWWWWWWWWWWWWWWWWW
WWWWWWWWWWWWWWWWWWWWWWWWWWWWWWWWWWWWWWWWWWWWWWWWWWWW
W                                                  W
W                         A                        W
W                                                  W
W         WWWWWWWWWW                               W
W         W  g g g W                               W
W         W        W                               W
W                                WWWWWWWWWW        W
W                                W  c c c W        W
W                                W        W        W
W         WWWWWWWWWWWWW                            W
W         W  a  a  a  W                            W
W         W           W                            W
W                                                  W
WWWWWWWWWWWWWWWWWWWWWWWWWWWWWWWWWWWWWWWWWWWWWWWWWWWW