###################################################################
##           ###############        ###############        a   ####
####           #############         #############  c         #####
######          ###########          ###########           ########
########          #########           #########          ##########
##########         #######             #####           ############
############        #####      g        ##         ################
###############                                   #################
###############                                 ###################
###############              A                #####################
#############       #                   #       ###################
###########        ###  g              ###       ##################
##########        #####               #####        ################
#########        #######       c      #####                ########
######          #########             ####        c           #####
#####     g     ##########           ####### g                #####
####           ############         #############               ###
##    a      c  ############       ###############         a   ####
###################################################################
