WWWWWWWWWWWWWWWWWWWWWWWWWWWWWWWWWWWWWWWWWWWWWWWWWWWWWWWWWWWWWWWWWWW
WW           WWWWWWWWWWWWWWW        WWWWWWWWWWWWWWW        a   WWWW
WWWW           WWWWWWWWWWWWW         WWWWWWWWWWWWW  c         WWWWW
WWWWWW          WWWWWWWWWWW          WWWWWWWWWWW           WWWWWWWW
WWWWWWWW          WWWWWWWWW           WWWWWWWWW          WWWWWWWWWW
WWWWWWWWWW         WWWWWWW             WWWWW           WWWWWWWWWWWW
WWWWWWWWWWWW        WWWWW      g        WW         WWWWWWWWWWWWWWWW
WWWWWWWWWWWWWWW                                   WWWWWWWWWWWWWWWWW
WWWWWWWWWWWWWWW                                 WWWWWWWWWWWWWWWWWWW
WWWWWWWWWWWWWWW              A                WWWWWWWWWWWWWWWWWWWWW
WWWWWWWWWWWWW       W                   W       WWWWWWWWWWWWWWWWWWW
WWWWWWWWWWW        WWW  g              WWW       WWWWWWWWWWWWWWWWWW
WWWWWWWWWW        WWWWW               WWWWW        WWWWWWWWWWWWWWWW
WWWWWWWWW        WWWWWWW       c      WWWWW                WWWWWWWW
WWWWWW          WWWWWWWWW             WWWW        c           WWWWW
WWWWW     g     WWWWWWWWWW           WWWWWWW g                WWWWW
WWWW           WWWWWWWWWWWW         WWWWWWWWWWWWW               WWW
WW    a      c  WWWWWWWWWWWW       WWWWWWWWWWWWWWW         a   WWWW
WWWWWWWWWWWWWWWWWWWWWWWWWWWWWWWWWWWWWWWWWWWWWWWWWWWWWWWWWWWWWWWWWWW
