WWWWWWWWWWWWWWWWWWWWWWWWWWWWWWWWWWWWWWWWWWWWWWWWWWWWWWWWWWWWWWWWWWWWWWW
W A        a  b      b      b      b      b   m  b      b      b    m W
W             b      b      b      b      b      b      b      b      W
W  m          b  m   b  m   b  m   b  m   b   g  b  m   b  m   b    g W
W             b      b      b      b      b      b      b      b      W
W             b      b      b      b      b   a  b      b      b      W
WbbbbbbbbbbbbbbbbbbbbbbbbbbbbbbbbbbbbbbbbbbbbbbbbbbbbbbbbbbbbbbbbbbbbbW
W      b      b      b      b      b      b      b      b      b     aW
W      b      b      b      b      b      b      b      b      b      W
W  m   b  m   b  m   b  m   b  m   b  m   b  m   b  m   b  m   b  m   W
W      b      b      b      b      b      b      b      b      b      W
W      b      b      b      b      b      b      b      b      b      W
WbbbbbbbbbbbbbbbbbbbbbbbbbbbbbbbbbbbbbbbbbbbbbbbbbbbbbbbbbbbbbbbbbbbbbW
W      b   a  b      b      b      b      b      b      b          a  W
W      b      b      b      b      b      b      b      b             W
W  g      m   b  m   b  m   b  m   b  m   b  m   b  m   b   m      m  W
W      b      b      b      b      b      b      b      b             W
W      b      b      b      b      b      b      b      b         g   W
WbbbbbbbbbbbbbbbbbbbbbbbbbbbbbbbbbbbbbbbbbbbbbbbbbbbbbbbbbbbbbbbbbbbbbW
W      b      b      b      b      b      b      b      b      b      W
W      b      b      b      b      b      b      b      b      b      W
W  m   b  m   b  m   b  m   b  m   b  m   b  m   b  m   b  m   b  m   W
W      b      b      b      b      b      b      b      b      b      W
W      b      b      b      b      b      b      b      b      b      W
WbbbbbbbbbbbbbbbbbbbbbbbbbbbbbbbbbbbbbbbbbbbbbbbbbbbbbbbbbbbbbbbbbbbbbW
WWWWWWWWWWWWWWWWWWWWWWWWWWWWWWWWWWWWWWWWWWWWWWWWWWWWWWWWWWWWWWWWWWWWWWW
W A        a  b      b      b      b      b      b      b      b      W
W             b      b      b      b      b      b      b      b      W
W  m          b  m   b  m   b  m   b  m   b  m   b  m   b  m   b  m   W
W             b      b      b      b      b      b      b      b      W
W             b      b      b      b      b      b      b      b      W
WbbbbbbbbbbbbbbbbbbbbbbbbbbbbbbbbbbbbbbbbbbbbbbbbbbbbbbbbbbbbbbbbbbbbbW
W      b      b      b      b      b      b      b      b      b      W
W      b      b      b      b      b      b      b      b      b      W
W  m   b  m   b  m   b  m   b  m   b  m   b  m   b  m   b  m   b  m   W
W      b      b      b      b      b      b      b      b      b      W
W      b      b      b      b      b      b      b      b      b      W
WbbbbbbbbbbbbbbbbbbbbbbbbbbbbbbbbbbbbbbbbbbbbbbbbbbbbbbbbbbbbbbbbbbbbbW
WbbbbbbbbbbbbbbbbbbbbbbbbbbbbbbbbbbbbbbbbbbbbbbbbbbbbbbbbbbbbbbbbbbbbbW
W      b      b      b      b      b      b      b      b      m      W
W      b      b      b      b      b      b      b      b  a         mW
W  m   b  m   b  m   b  m   b  m   b  m   b  m   b  m   b         m   W
W      b      b      b      b      b      b      b      b  g          W
W      b      b      b      b      b      b      b      b      m    m W
WbbbbbbbbbbbbbbbbbbbbbbbbbbbbbbbbbbbbbbbbbbbbbbbbbbbbbbbbbbbbbbbbbbbbbW
W      b      b      b      b      b      b      b      b     m     m W
W      b      b      b      b      b      b      b      bbbbbbbbbbbbbbW
W  m   b  m   b  m   b  m   b  m   b  m   b  m   b  m   b  m    m     W
W      b      b      b      b      b      b      b      bbbbbbbbbbbbb W
W      b      b      b      b      b      b      b      b    g     a  W
WWWWWWWWWWWWWWWWWWWWWWWWWWWWWWWWWWWWWWWWWWWWWWWWWWWWWWWWWWWWWWWWWWWWWWW
WWWWWWWWWWWWWWWWWWWWWWWWWWWWWWWWWWWWWWWWWWWWWWWWWWWWWWWWWWWWWWWWWWWWWWW
W A        a  b      b      b      b      b   m  b      b      b    m W
W             b      b      b      b      b      b      b      b      W
W  m          b  m   b  m   b  m   b  m   b   g  b  m   b  m   b    g W
W             b      b      b      b      b      b      b      b      W
W             b      b      b      b      b   a  b      b      b      W
WbbbbbbbbbbbbbbbbbbbbbbbbbbbbbbbbbbbbbbbbbbbbbbbbbbbbbbbbbbbbbbbbbbbbbW
W      b      b      b      b      b      b      b      b      b     aW
W      b      b      b      b      b      b      b      b      b      W
W  m   b  m   b  m   b  m   b  m   b  m   b  m   b  m   b  m   b  m   W
W      b      b      b      b      b      b      b      b      b      W
W      b      b      b      b      b      b      b      b      b      W
WbbbbbbbbbbbbbbbbbbbbbbbbbbbbbbbbbbbbbbbbbbbbbbbbbbbbbbbbbbbbbbbbbbbbbW
W      b   a  b      b      b      b      b      b      b          a  W
W      b      b      b      b      b      b      b      b             W
W  g      m   b  m   b  m   b  m   b  m   b  m   b  m   b   m      m  W
W      b      b      b      b      b      b      b      b             W
W      b      b      b      b      b      b      b      b         g   W
WbbbbbbbbbbbbbbbbbbbbbbbbbbbbbbbbbbbbbbbbbbbbbbbbbbbbbbbbbbbbbbbbbbbbbW
W      b      b      b      b      b      b      b      b      b      W
W      b      b      b      b      b      b      b      b      b      W
W  m   b  m   b  m   b  m   b  m   b  m   b  m   b  m   b  m   b  m   W
W      b      b      b      b      b      b      b      b      b      W
W      b      b      b      b      b      b      b      b      b      W
WbbbbbbbbbbbbbbbbbbbbbbbbbbbbbbbbbbbbbbbbbbbbbbbbbbbbbbbbbbbbbbbbbbbbbW
WWWWWWWWWWWWWWWWWWWWWWWWWWWWWWWWWWWWWWWWWWWWWWWWWWWWWWWWWWWWWWWWWWWWWWW
W A        a  b      b      b      b      b      b      b      b      W
W             b      b      b      b      b      b      b      b      W
W  m          b  m   b  m   b  m   b  m   b  m   b  m   b  m   b  m   W
W             b      b      b      b      b      b      b      b      W
W             b      b      b      b      b      b      b      b      W
WbbbbbbbbbbbbbbbbbbbbbbbbbbbbbbbbbbbbbbbbbbbbbbbbbbbbbbbbbbbbbbbbbbbbbW
W      b      b      b      b      b      b      b      b      b      W
W      b      b      b      b      b      b      b      b      b      W
W  m   b  m   b  m   b  m   b  m   b  m   b  m   b  m   b  m   b  m   W
W      b      b      b      b      b      b      b      b      b      W
W      b      b      b      b      b      b      b      b      b      W
WbbbbbbbbbbbbbbbbbbbbbbbbbbbbbbbbbbbbbbbbbbbbbbbbbbbbbbbbbbbbbbbbbbbbbW
WbbbbbbbbbbbbbbbbbbbbbbbbbbbbbbbbbbbbbbbbbbbbbbbbbbbbbbbbbbbbbbbbbbbbbW
W      b      b      b      b      b      b      b      b      m      W
W      b      b      b      b      b      b      b      b  a         mW
W  m   b  m   b  m   b  m   b  m   b  m   b  m   b  m   b         m   W
W      b      b      b      b      b      b      b      b  g          W
W      b      b      b      b      b      b      b      b      m    m W
WbbbbbbbbbbbbbbbbbbbbbbbbbbbbbbbbbbbbbbbbbbbbbbbbbbbbbbbbbbbbbbbbbbbbbW
W      b      b      b      b      b      b      b      b     m     m W
W      b      b      b      b      b      b      b      bbbbbbbbbbbbbbW
W  m   b  m   b  m   b  m   b  m   b  m   b  m   b  m   b  m    m     W
W      b      b      b      b      b      b      b      bbbbbbbbbbbbb W
W      b      b      b      b      b      b      b      b    g     a  W
WWWWWWWWWWWWWWWWWWWWWWWWWWWWWWWWWWWWWWWWWWWWWWWWWWWWWWWWWWWWWWWWWWWWWWW
WWWWWWWWWWWWWWWWWWWWWWWWWWWWWWWWWWWWWWWWWWWWWWWWWWWWWWWWWWWWWWWWWWWWWWW
W A        a  b      b      b      b      b   m  b      b      b    m W
W             b      b      b      b      b      b      b      b      W
W  m          b  m   b  m   b  m   b  m   b   g  b  m   b  m   b    g W
W             b      b      b      b      b      b      b      b      W
W             b      b      b      b      b   a  b      b      b      W
WbbbbbbbbbbbbbbbbbbbbbbbbbbbbbbbbbbbbbbbbbbbbbbbbbbbbbbbbbbbbbbbbbbbbbW
W      b      b      b      b      b      b      b      b      b     aW
W      b      b      b      b      b      b      b      b      b      W
W  m   b  m   b  m   b  m   b  m   b  m   b  m   b  m   b  m   b  m   W
W      b      b      b      b      b      b      b      b      b      W
W      b      b      b      b      b      b      b      b      b      W
WbbbbbbbbbbbbbbbbbbbbbbbbbbbbbbbbbbbbbbbbbbbbbbbbbbbbbbbbbbbbbbbbbbbbbW
W      b   a  b      b      b      b      b      b      b          a  W
W      b      b      b      b      b      b      b      b             W
W  g      m   b  m   b  m   b  m   b  m   b  m   b  m   b   m      m  W
W      b      b      b      b      b      b      b      b             W
W      b      b      b      b      b      b      b      b         g   W
WbbbbbbbbbbbbbbbbbbbbbbbbbbbbbbbbbbbbbbbbbbbbbbbbbbbbbbbbbbbbbbbbbbbbbW
W      b      b      b      b      b      b      b      b      b      W
W      b      b      b      b      b      b      b      b      b      W
W  m   b  m   b  m   b  m   b  m   b  m   b  m   b  m   b  m   b  m   W
W      b      b      b      b      b      b      b      b      b      W
W      b      b      b      b      b      b      b      b      b      W
WbbbbbbbbbbbbbbbbbbbbbbbbbbbbbbbbbbbbbbbbbbbbbbbbbbbbbbbbbbbbbbbbbbbbbW
WWWWWWWWWWWWWWWWWWWWWWWWWWWWWWWWWWWWWWWWWWWWWWWWWWWWWWWWWWWWWWWWWWWWWWW
W A        a  b      b      b      b      b      b      b      b      W
W             b      b      b      b      b      b      b      b      W
W  m          b  m   b  m   b  m   b  m   b  m   b  m   b  m   b  m   W
W             b      b      b      b      b      b      b      b      W
W             b      b      b      b      b      b      b      b      W
WbbbbbbbbbbbbbbbbbbbbbbbbbbbbbbbbbbbbbbbbbbbbbbbbbbbbbbbbbbbbbbbbbbbbbW
W      b      b      b      b      b      b      b      b      b      W
W      b      b      b      b      b      b      b      b      b      W
W  m   b  m   b  m   b  m   b  m   b  m   b  m   b  m   b  m   b  m   W
W      b      b      b      b      b      b      b      b      b      W
W      b      b      b      b      b      b      b      b      b      W
WbbbbbbbbbbbbbbbbbbbbbbbbbbbbbbbbbbbbbbbbbbbbbbbbbbbbbbbbbbbbbbbbbbbbbW
WbbbbbbbbbbbbbbbbbbbbbbbbbbbbbbbbbbbbbbbbbbbbbbbbbbbbbbbbbbbbbbbbbbbbbW
W      b      b      b      b      b      b      b      b      m      W
W      b      b      b      b      b      b      b      b  a         mW
W  m   b  m   b  m   b  m   b  m   b  m   b  m   b  m   b         m   W
W      b      b      b      b      b      b      b      b  g          W
W      b      b      b      b      b      b      b      b      m    m W
WbbbbbbbbbbbbbbbbbbbbbbbbbbbbbbbbbbbbbbbbbbbbbbbbbbbbbbbbbbbbbbbbbbbbbW
W      b      b      b      b      b      b      b      b     m     m W
W      b      b      b      b      b      b      b      bbbbbbbbbbbbbbW
W  m   b  m   b  m   b  m   b  m   b  m   b  m   b  m   b  m    m     W
W      b      b      b      b      b      b      b      bbbbbbbbbbbbb W
W      b      b      b      b      b      b      b      b    g     a  W
WWWWWWWWWWWWWWWWWWWWWWWWWWWWWWWWWWWWWWWWWWWWWWWWWWWWWWWWWWWWWWWWWWWWWWW
WWWWWWWWWWWWWWWWWWWWWWWWWWWWWWWWWWWWWWWWWWWWWWWWWWWWWWWWWWWWWWWWWWWWWWW
W A        a  b      b      b      b      b   m  b      b      b    m W
W             b      b      b      b      b      b      b      b      W
W  m          b  m   b  m   b  m   b  m   b   g  b  m   b  m   b    g W
W             b      b      b      b      b      b      b      b      W
W             b      b      b      b      b   a  b      b      b      W
WbbbbbbbbbbbbbbbbbbbbbbbbbbbbbbbbbbbbbbbbbbbbbbbbbbbbbbbbbbbbbbbbbbbbbW
W      b      b      b      b      b      b      b      b      b     aW
W      b      b      b      b      b      b      b      b      b      W
W  m   b  m   b  m   b  m   b  m   b  m   b  m   b  m   b  m   b  m   W
W      b      b      b      b      b      b      b      b      b      W
W      b      b      b      b      b      b      b      b      b      W
WbbbbbbbbbbbbbbbbbbbbbbbbbbbbbbbbbbbbbbbbbbbbbbbbbbbbbbbbbbbbbbbbbbbbbW
W      b   a  b      b      b      b      b      b      b          a  W
W      b      b      b      b      b      b      b      b             W
W  g      m   b  m   b  m   b  m   b  m   b  m   b  m   b   m      m  W
W      b      b      b      b      b      b      b      b             W
W      b      b      b      b      b      b      b      b         g   W
WbbbbbbbbbbbbbbbbbbbbbbbbbbbbbbbbbbbbbbbbbbbbbbbbbbbbbbbbbbbbbbbbbbbbbW
W      b      b      b      b      b      b      b      b      b      W
W      b      b      b      b      b      b      b      b      b      W
W  m   b  m   b  m   b  m   b  m   b  m   b  m   b  m   b  m   b  m   W
W      b      b      b      b      b      b      b      b      b      W
W      b      b      b      b      b      b      b      b      b      W
WbbbbbbbbbbbbbbbbbbbbbbbbbbbbbbbbbbbbbbbbbbbbbbbbbbbbbbbbbbbbbbbbbbbbbW
WWWWWWWWWWWWWWWWWWWWWWWWWWWWWWWWWWWWWWWWWWWWWWWWWWWWWWWWWWWWWWWWWWWWWWW
W A        a  b      b      b      b      b      b      b      b      W
W             b      b      b      b      b      b      b      b      W
W  m          b  m   b  m   b  m   b  m   b  m   b  m   b  m   b  m   W
W             b      b      b      b      b      b      b      b      W
W             b      b      b      b      b      b      b      b      W
WbbbbbbbbbbbbbbbbbbbbbbbbbbbbbbbbbbbbbbbbbbbbbbbbbbbbbbbbbbbbbbbbbbbbbW
W      b      b      b      b      b      b      b      b      b      W
W      b      b      b      b      b      b      b      b      b      W
W  m   b  m   b  m   b  m   b  m   b  m   b  m   b  m   b  m   b  m   W
W      b      b      b      b      b      b      b      b      b      W
W      b      b      b      b      b      b      b      b      b      W
WbbbbbbbbbbbbbbbbbbbbbbbbbbbbbbbbbbbbbbbbbbbbbbbbbbbbbbbbbbbbbbbbbbbbbW
WbbbbbbbbbbbbbbbbbbbbbbbbbbbbbbbbbbbbbbbbbbbbbbbbbbbbbbbbbbbbbbbbbbbbbW
W      b      b      b      b      b      b      b      b      m      W
W      b      b      b      b      b      b      b      b  a         mW
W  m   b  m   b  m   b  m   b  m   b  m   b  m   b  m   b         m   W
W      b      b      b      b      b      b      b      b  g          W
W      b      b      b      b      b      b      b      b      m    m W
WbbbbbbbbbbbbbbbbbbbbbbbbbbbbbbbbbbbbbbbbbbbbbbbbbbbbbbbbbbbbbbbbbbbbbW
W      b      b      b      b      b      b      b      b     m     m W
W      b      b      b      b      b      b      b      bbbbbbbbbbbbbbW
W  m   b  m   b  m   b  m   b  m   b  m   b  m   b  m   b  m    m     W
W      b      b      b      b      b      b      b      bbbbbbbbbbbbb W
W      b      b      b      b      b      b      b      b    g     a  W
WWWWWWWWWWWWWWWWWWWWWWWWWWWWWWWWWWWWWWWWWWWWWWWWWWWWWWWWWWWWWWWWWWWWWWW