####################################################
#                                                  #
#         ##########                               #
#         # a a a  #                               #
#         #        #                               #
#                                                  #
#                                                  #
#                                ##########        #
#                                #  c c c #        #
#                                #        #        #
#         #############                            #
#         #  g  g g   #                            #
#         #           #                            #
#                                                  #
#                                                  #
#      A        A         A         A         A    #
#                                                  #
####################################################
####################################################
#                                                  #
#                         A                        #
#                                                  #
#         ##########                               #
#         #  g g g #                               #
#         #        #                               #
#                                ##########        #
#                                #  c c c #        #
#                                #        #        #
#         #############                            #
#         #  a  a  a  #                            #
#         #           #                            #
#                                                  #
####################################################