########################################################################
#......................................................................#
#......................................................................#
#..................................#...................................#
#..................................#...................................#
#..................................#...................................#
#................................_._@..................................#
#.............................####_#####...............................#
#.................................g#_..................................#
#..................................#...................................#
#..................................#...................................#
#..................................#...................................#
#......................................................................#
########################################################################