WWWWWWWWWWWWWWWWWWWWWWWWWWWWWWWWWWWWWWWWWWWWWWWWWWWWWWWWWWWWWWWWWWWWWWWWWWWWWWWWWWWWWWWWWWWWWWWWWW
WWWWWWWWWWWWW  WWWWWWWWWWWWWWWWWWWWWWWWWWWWWWWW  WWWWWWWWWWWWW  WWWWWWWWWWWWWWWWWWWWWWWWWWWWWWWWW
WWWWWWWWWWWWW  WWa  W  W  WWWWW  W  W  a  WWWW  WWWWWWWWWWWWW  WWWW  a  W  W  WWWWW  W  W  aWWW
WWWWWWWWWWWWW  WWa  W  W  WWWWW  W  W     WWWW  W   W A WaaaW  WWWW     W  W  WWWWW  W  W  aWWW
WWWWWWWWWWWWW  WWa        WWWWW        a  WWWW  W   W   W   W  WWWW  a        WWWWW        aWWW
WW           W  WWWWWWWWWW   WWWWWWWWWWWW   WWWW  W   W   W   W  WWWW   WWWWWWWWWWWW   WWWWWWWWWWW
WW           W  WW           WWWWW          WWWW  W   W   W   W  WWWW          WWWWW           WWW
WW           W  WWA          WWWWWA         WWWW  W   W   W   W  WWWW         AWWWWW          AWWW
WW   W W W   W  WW           WWWWW          WWWW  W   W   W   W  WWWW          WWWWW           WWW
WW   W W W   W  WWWWWWWWWW   WWWWWWWWWWWW   WWWW  W   W   W   W  WWWW   WWWWWWWWWWWW   WWWWWWWWWWW
WW   W W W   W  WW           WWWWWa         WWWW  W   W   W   W  WWWW          WWWWW          aWWW
WW   W W W   W  WW           WWWWWa         WWWW  W           W  WWWW          WWWWV          aWWW
WW   W W W   W  WW           WWWWWa         WWWW  W           W  WWWW          WWWWW          aWWW
WW   W W W   W  WWWWWWWWWWWWWWWWWWWWWWWWWWWWWWWW  W           W  WWWWWWWWWWWWWWWWWWWWWWWWWWWWWWWWW
WW   W A WaaaW                                    WWWWWWWWWWWWW                                  W
WWWWWWWWWWWWW                                    WWWWWWWWWWWWW                                  W
WWWWWWWWWWWWW                                    WWWWWWWWWWWWW                                  W
WWWWWWWWWWWWW                                    WWWWWWWWWWWWW                                  W
WWWWWWWWWWWWW                                    WWWWWWWWWWWWW                                  W
WWWWWWWWWWWWW                                    WWWWWWWWWWWWW                                  W
WW           W                                    W           W                                  W
WW           W                                    W           W                                  W
WW           W                                    W           W                                  W
WW   W W W   W                                    W   W W W   W                                  W
WW   W W W   W                                    W   W W W   W                                  W
WW   W W W   W                                    W   W W W   W                                  W
WW   W W W   W                                    W   W W W   W                                  W
WW   W W W   W                                    W   W W W   W                                  W
WW   W W W   W                                    W   W W W   W                                  W
WW   W W W   W                                    W   W W W   W                                  W
WWaaaW A W   W                                    WaaaW A W   W                                  W
WWWWWWWWWWWWW                                    WWWWWWWWWWWWW                                  W
WWWWWWWWWWWWW                                    WWWWWWWWWWWWW                                  W
WWWWWWWWWWWWWWWWWWWWWWWWWWWWWWWWWWWWWWWWWWWWWWWWWWWWWWWWWWWWWWWWWWWWWWWWWWWWWWWWWWWWWWWWWWWWWWWWWW
