WWWWWWWWWWWWW
WWWWWWWWWWWWW
WWWWWWWWWWWWW
WWWWWWWWWWWWW
W           W
W           W
W           W
W   W   W   W
W   W   W   W
W   W   W   W
W   W   W   W
W   W   W   W
W   W   W   W
W   W   W   W
W   W   W   W
W   W   W   W
W   W   W   W
W   W   W   W
W   W   W   W
W   W   W   W
W   W   W   W
W   W   W   W
W   W   W   W
W   W   W   W
W   W   W   W
W   W   W   W
W   W   W   W
W   W   W   W
W   W A WaaaW
WWWWWWWWWWWWW
WWWWWWWWWWWWW
WWWWWWWWWWWWW
WWWWWWWWWWWWW
WWWWWWWWWWWWW
W           W
W           W
W           W
W   W   W   W
W   W   W   W
W   W   W   W
W   W   W   W
W   W   W   W
W   W   W   W
W   W   W   W
W   W   W   W
W   W   W   W
W   W   W   W
W   W   W   W
W   W   W   W
W   W   W   W
W   W   W   W
W   W   W   W
W   W   W   W
W   W   W   W
W   W   W   W
W   W   W   W
W   W   W   W
W   W   W   W
WaaaW A W   W
WWWWWWWWWWWWW
WWWWWWWWWWWWW
WWWWWWWWWWWWW
WWWWWWWWWWWWW
WWWWWWWWWWWWW
WWWWWWWWWWWWW
WaaaW A W   W
W   W   W   W
W   W   W   W
W   W   W   W
W   W   W   W
W   W   W   W
W   W   W   W
W   W   W   W
W   W   W   W
W   W   W   W
W   W   W   W
W   W   W   W
W   W   W   W
W   W   W   W
W   W   W   W
W   W   W   W
W   W   W   W
W   W   W   W
W   W   W   W
W   W   W   W
W   W   W   W
W   W   W   W
W           W
W           W
W           W
WWWWWWWWWWWWW
WWWWWWWWWWWWW
WWWWWWWWWWWWW
WWWWWWWWWWWWW
WWWWWWWWWWWWW
W   W A WaaaW
W   W   W   W
W   W   W   W
W   W   W   W
W   W   W   W
W   W   W   W
W   W   W   W
W   W   W   W
W   W   W   W
W   W   W   W
W   W   W   W
W   W   W   W
W   W   W   W
W   W   W   W
W   W   W   W
W   W   W   W
W   W   W   W
W   W   W   W
W   W   W   W
W   W   W   W
W   W   W   W
W   W   W   W
W           W
W           W
W           W
WWWWWWWWWWWWW
WWWWWWWWWWWWW