WWWWWWWWWWWWWWWWWWWWWWWWWWWWWWWWWWWWWWWWWWWWWWWWWWWWWWWWWWWW
WWWWW     WWWWWWWWWW  a  WWWWWWWWWW  a  WWWWWWWWWW  a  WWWWW
WWWWW     WWWWWWWWWW     WWWWWWWWWW     WWWWWWWWWW     WWWWW
WWWWW     WWWWWWWWWW     WWWWWWWWWW     WWWWWWWWWW     WWWWW
WWWWW     WWWWWWWWWW     WWWWWWWWWW     WWWWWWWWWW     WWWWW
WWWWW     WWWWWWWWWW     WWWWWWWWWW     WWWWWWWWWW     WWWWW
WWWWW     WWWWWWWWWW     WWWWWWWWWW     WWWWWWWWWW     WWWWW
WWWWW     WWWWWWWWWW     WWWWWWWWWW     WWWWWWWWWW     WWWWW
WWWWWWWWWWWWWWWWWWWW     WWWWWWWWWW     WWWWWWWWWW     WWWWW
WWWWW     WWWWWWWWWW     WWWWWWWWWW     WWWWWWWWWW     WWWWW
WWWWW     WWWWWWWWWW     WWWWWWWWWW     WWWWWWWWWW     WWWWW
WWWWWWWWWWWWWWWWWWWW     WWWWWWWWWW     WWWWWWWWWW     WWWWW
W                                                          W
WAAA                                                       W
WAAA                                                       W
W                                                          W
WWWWWWWWWWWWWWWWWWWW     WWWWWWWWWW     WWWWWWWWWW     WWWWW
WWWWW     WWWWWWWWWW     WWWWWWWWWW     WWWWWWWWWW     WWWWW
WWWWW     WWWWWWWWWW     WWWWWWWWWW     WWWWWWWWWW     WWWWW
WWWWW     WWWWWWWWWW     WWWWWWWWWW     WWWWWWWWWW     WWWWW
WWWWW     WWWWWWWWWW     WWWWWWWWWW     WWWWWWWWWW     WWWWW
WWWWW     WWWWWWWWWW     WWWWWWWWWW     WWWWWWWWWW     WWWWW
WWWWW     WWWWWWWWWW     WWWWWWWWWW     WWWWWWWWWW     WWWWW
WWWWW     WWWWWWWWWW     WWWWWWWWWW     WWWWWWWWWW     WWWWW
WWWWW     WWWWWWWWWW     WWWWWWWWWW     WWWWWWWWWW     WWWWW
WWWWW     WWWWWWWWWW  a  WWWWWWWWWW  a  WWWWWWWWWW  a  WWWWW
WWWWWWWWWWWWWWWWWWWWWWWWWWWWWWWWWWWWWWWWWWWWWWWWWWWWWWWWWWWW
