WWWWWWWWWWWWWWWWWWWWWWWWWWWWWWWWWWWWWWWWWWWWWWWWWWWWWWWWWWWWWWWWWWWWW
W                     W                        W                    W
W                     W                        W                    W
W         W W         W                        W       a            W
W         W W         W                        W                    W
W         W W      c  W                        W                    W
W         W W         W                        W               c    W
W         W W         W                        W          A         W
W        AWgW         W                        W    WWWWWWWWWWWW    W
W         W W         W     a                  W          g         W
W      a  W W         W            A           W    WWWWWWWWWWWW    W
W         W W         W   WWWWWWWWWWWWWWWWWW   W                    W
W         W W         W            g           W                    W
W                     W   WWWWWWWWWWWWWWWWWW   W                    W
W                     W                        W                    W
W                     W              c         W                    W
WWWWWWWWWWWWWWWWWWWWWWW                        W                    W
WWWWWWWWWWWWWWWWWWWWWWW                        W                    W
WWWWWWWWWWWWWWWWWWWWWWW                        WWWWWWWWWWWWWWWWWWWWWW
WWWWWWWWWWWWWWWWWWWWWWW                        WWWWWWWWWWWWWWWWWWWWWW
WWWWWWWWWWWWWWWWWWWWWWW                        WWWWWWWWWWWWWWWWWWWWWW
WWWWWWWWWWWWWWWWWWWWWWW                        WWWWWWWWWWWWWWWWWWWWWW
WWWWWWWWWWWWWWWWWWWWWWW                        WWWWWWWWWWWWWWWWWWWWWW
WWWWWWWWWWWWWWWWWWWWWWWWWWWWWWWWWWWWWWWWWWWWWWWWWWWWWWWWWWWWWWWWWWWWW
