WWWWWWWWWWWWWWWWWWWWWWWWWWWWWWWWWWWWWWWWWWWWWWWWWWWWWWWWWWWWWWWWWWWWWWWWWWWWWWWWWWWWWWWW
WWW           WWWWWWWWWWWWWWWWWWWWWWWW       WWWWWWWWWWWWWWWWWWWWWWWWWWWWWWWWWWWWWWWWWWW
WWWWWW  a        WWWWWWWWWWWWWWWWWWWW  a     WWWWWWWWWWWWWWWWWWWWWWWWWWWWWWWWWWWWWWWWWWW
WWWWWW            WWWWWWWWWWWWWWWWWWW        WWWWWWWWWWWWWWWWWWWWWWWWWWWWWWWWWWWWWWWWWWW
WWWWWWWWW            WWWWWWWWWWWWWWWWW       WWWWWWWWWWWWWWWWWWWWWWW           WWWWWWWWW
WWWWWWWWWWW           WWWWWWWWWWWWWWWW       WWWWWWWWWWWWWWWWWWWW      a      WWWWWWWWWW
WWWWWWWWWWWW           WWWWWWWWWWWWWWW       WWWWWWWWWWWWWWWW              WWWWWWWWWWWWW
WWWWWWWWWWWWW            WWWWWWWWWWWWW       WWWWWWWWWWWW              WWWWWWWWWWWWWWWWW
WWWWWWWWWWWWWWWW           WWWWWWWWWWW       WWWWWWWWWWW           WWWWWWWWWWWWWWWWWWWWW
WWWWWWWWWWWWWWWWWW           WWWWWWWWW       WWWWWWWWW           WWWWWWWWWWWWWWWWWWWWWWW
WWWWWWWWWWWWWWWWWWWW           WWWWWWW       WWWWWWW           WWWWWWWWWWWWWWWWWWWWWWWWW
WWWWWWWWWWWWWWWWWWWWWW           WWWWW       WWWWWW         WWWWWWWWWWWWWWWWWWWWWWWWWWWW
WWWWWWWWWWWWWWWWWWWWWWWW          WWWW       WWWW        WWWWWWWWWWWWWWWWWWWWWWWWWWWWWWW
WWWWWWWWWWWWWWWWWWWWWWWWWW          WW       WW         WWWWWWWWWWWWWWWWWWWWWWWWWWWWWWWW
WWWWWWWWWWWWWWWWWWWWWWWWWWWWW                           WWWWWWWWWWWWWWWWWWWWWWWWWWWWWWWW
W                                                                                      W
W  a                                  A  A A                                    a      W
W                                    A  A A                                            W
W                                      A A                                             W
WWWWWWWWWWWWWWWWWWWWWWWWWWWW                         WWWWWWWWWWWWWWWWWWWWWWWWWWWWWWWWWWW
WWWWWWWWWWWWWWWWWWWWWWWWWW                              WWWWWWWWWWWWWWWWWWWWWWWWWWWWWWWW
WWWWWWWWWWWWWWWWWWWWWWWW          WWWW       WWW        WWWWWWWWWWWWWWWWWWWWWWWWWWWWWWWW
WWWWWWWWWWWWWWWWWWWWW           WWWWWW       WWWW           WWWWWWWWWWWWWWWWWWWWWWWWWWWW
WWWWWWWWWWWWWWWWWWWWW           WWWWWWW       WWWWWW         WWWWWWWWWWWWWWWWWWWWWWWWWWW
WWWWWWWWWWWWWWWWWWWW         WWWWWWWWW       WWWWWWWW           WWWWWWWWWWWWWWWWWWWWWWWW
WWWWWWWWWWWWWWWWWW         WWWWWWWWWW        WWWWWWWWWWW           WWWWWWWWWWWWWWWWWWWWW
WWWWWWWWWWWWWWWW         WWWWWWWWWWWWW       WWWWWWWWWWWWWW          WWWWWWWWWWWWWWWWWWW
WWWWWWWWWWWWWW         WWWWWWWWWWWWWWW       WWWWWWWWWWWWWWWWW           WWWWWWWWWWWWWWW
WWWWWWWWWWW     a     WWWWWWWWWWWWWWWWW       WWWWWWWWWWWWWWWWWWW           WWWWWWWWWWWW
WWWWWW              WWWWWWWWWWWWWWWWWW    a  WWWWWWWWWWWWWWWWWWWWWW    a     WWWWWWWWWWW
WWWWWWWWWWWWWWWWWWWWWWWWWWWWWWWWWWWWWWWWWWWWWWWWWWWWWWWWWWWWWWWWWWWWWWWWWWWWWWWWWWWWWWWW
