WWWWWWWWWWWWWWWWWWWWWWWWWWWWWWWWW
W               r               W
W                               W
W                               W
W                               W
W                               W
W                               W
W                               W
W                               W
W                               W
W                               W
W                               W
W     WWWWWWWWWWWWWWWWWWWW      W
W     W  G            a  W      W
W     W                  W      W
W     W                  W      W
W     W                  W      W
W     W  g         A     W      W
W     W                  W      W
W     W              b   W      W
W     W   B              W      W
W     W                  W      W
W     W              R   W      W
W     W                  W      W
W     W                  W      W
W     WWWWWWWW    WWWWWWWW      W
W                               W
W                               W
W                               W
WWWWWWWWWWWWWWWWWWWWWWWWWWWWWWWWW